------------------------------------------------------------
Timing Analyzer Summary
------------------------------------------------------------

Type  : Slow 1100mV 85C Model Setup 'CLOCK_50'
Slack : -2.306
TNS   : -144.997

Type  : Slow 1100mV 85C Model Hold 'CLOCK_50'
Slack : 0.319
TNS   : 0.000

Type  : Slow 1100mV 85C Model Minimum Pulse Width 'CLOCK_50'
Slack : -0.394
TNS   : -59.203

Type  : Slow 1100mV 0C Model Setup 'CLOCK_50'
Slack : -2.278
TNS   : -147.114

Type  : Slow 1100mV 0C Model Hold 'CLOCK_50'
Slack : 0.300
TNS   : 0.000

Type  : Slow 1100mV 0C Model Minimum Pulse Width 'CLOCK_50'
Slack : -0.394
TNS   : -63.644

Type  : Fast 1100mV 85C Model Setup 'CLOCK_50'
Slack : -0.919
TNS   : -37.269

Type  : Fast 1100mV 85C Model Hold 'CLOCK_50'
Slack : 0.180
TNS   : 0.000

Type  : Fast 1100mV 85C Model Minimum Pulse Width 'CLOCK_50'
Slack : -0.094
TNS   : -10.073

Type  : Fast 1100mV 0C Model Setup 'CLOCK_50'
Slack : -0.764
TNS   : -28.729

Type  : Fast 1100mV 0C Model Hold 'CLOCK_50'
Slack : 0.167
TNS   : 0.000

Type  : Fast 1100mV 0C Model Minimum Pulse Width 'CLOCK_50'
Slack : -0.090
TNS   : -9.840

------------------------------------------------------------
